2022-01-29 02:11:08,205  * Running on http://127.0.0.1:5000/ (Press CTRL+C to quit)
2022-01-29 02:11:08,387 Downgrading core protocol version from 66 to 65 for 127.0.0.1:9042. To avoid this, it is best practice to explicitly set Cluster(protocol_version) to the version supported by your cluster. http://datastax.github.io/python-driver/api/cassandra/cluster.html#cassandra.cluster.Cluster.protocol_version
2022-01-29 02:11:09,911 Downgrading core protocol version from 65 to 5 for 127.0.0.1:9042. To avoid this, it is best practice to explicitly set Cluster(protocol_version) to the version supported by your cluster. http://datastax.github.io/python-driver/api/cassandra/cluster.html#cassandra.cluster.Cluster.protocol_version
2022-01-29 02:11:11,441 Closing connection <AsyncoreConnection(2700197805744) 127.0.0.1:9042> due to protocol error: Error from server: code=000a [Protocol error] message="Beta version of the protocol used (5/v5-beta), but USE_BETA flag is unset"
2022-01-29 02:11:11,442 Downgrading core protocol version from 5 to 4 for 127.0.0.1:9042. To avoid this, it is best practice to explicitly set Cluster(protocol_version) to the version supported by your cluster. http://datastax.github.io/python-driver/api/cassandra/cluster.html#cassandra.cluster.Cluster.protocol_version
2022-01-29 02:11:15,150 127.0.0.1 - - [29/Jan/2022 02:11:15] "POST /oneInsertCassandra/id/key/path HTTP/1.1" 200 -2022-01-29 02:11:34,438 127.0.0.1 - - [29/Jan/2022 02:11:34] "GET / HTTP/1.1" 200 -
2022-01-29 02:11:37,810 127.0.0.1 - - [29/Jan/2022 02:11:37] "POST /establishConnection HTTP/1.1" 200 -
2022-01-29 02:11:39,086 Downgrading core protocol version from 66 to 65 for 127.0.0.1:9042. To avoid this, it is best practice to explicitly set Cluster(protocol_version) to the version supported by your cluster. http://datastax.github.io/python-driver/api/cassandra/cluster.html#cassandra.cluster.Cluster.protocol_version
2022-01-29 02:11:40,616 Downgrading core protocol version from 65 to 5 for 127.0.0.1:9042. To avoid this, it is best practice to explicitly set Cluster(protocol_version) to the version supported by your cluster. http://datastax.github.io/python-driver/api/cassandra/cluster.html#cassandra.cluster.Cluster.protocol_version
2022-01-29 02:11:42,137 Closing connection <AsyncoreConnection(2700198078784) 127.0.0.1:9042> due to protocol error: Error from server: code=000a [Protocol error] message="Beta version of the protocol used (5/v5-beta), but USE_BETA flag is unset"
2022-01-29 02:11:42,137 Downgrading core protocol version from 5 to 4 for 127.0.0.1:9042. To avoid this, it is best practice to explicitly set Cluster(protocol_version) to the version supported by your cluster. http://datastax.github.io/python-driver/api/cassandra/cluster.html#cassandra.cluster.Cluster.protocol_version
2022-01-29 02:11:44,974 127.0.0.1 - - [29/Jan/2022 02:11:44] "POST /establishCassandraConnection HTTP/1.1" 200 -
2022-01-29 02:11:49,074 127.0.0.1 - - [29/Jan/2022 02:11:49] "POST /selectOperationCassandra/id/key/path HTTP/1.1" 200 -
2022-01-29 02:12:05,113 Downgrading core protocol version from 66 to 65 for 127.0.0.1:9042. To avoid this, it is best practice to explicitly set Cluster(protocol_version) to the version supported by your cluster. http://datastax.github.io/python-driver/api/cassandra/cluster.html#cassandra.cluster.Cluster.protocol_version
2022-01-29 02:12:06,642 Downgrading core protocol version from 65 to 5 for 127.0.0.1:9042. To avoid this, it is best practice to explicitly set Cluster(protocol_version) to the version supported by your cluster. http://datastax.github.io/python-driver/api/cassandra/cluster.html#cassandra.cluster.Cluster.protocol_version
2022-01-29 02:12:08,156 Closing connection <AsyncoreConnection(2700198799392) 127.0.0.1:9042> due to protocol error: Error from server: code=000a [Protocol error] message="Beta version of the protocol used (5/v5-beta), but USE_BETA flag is unset"
2022-01-29 02:12:08,156 Downgrading core protocol version from 5 to 4 for 127.0.0.1:9042. To avoid this, it is best practice to explicitly set Cluster(protocol_version) to the version supported by your cluster. http://datastax.github.io/python-driver/api/cassandra/cluster.html#cassandra.cluster.Cluster.protocol_version
2022-01-29 02:12:11,044 127.0.0.1 - - [29/Jan/2022 02:12:11] "POST /oneInsertCassandra/id/key/path HTTP/1.1" 200 -
2022-01-29 02:12:19,340 127.0.0.1 - - [29/Jan/2022 02:12:19] "POST /selectOperationCassandra/id/key/path HTTP/1.1" 200 -
2022-01-29 02:12:34,225 Downgrading core protocol version from 66 to 65 for 127.0.0.1:9042. To avoid this, it is best practice to explicitly set Cluster(protocol_version) to the version supported by your cluster. http://datastax.github.io/python-driver/api/cassandra/cluster.html#cassandra.cluster.Cluster.protocol_version
2022-01-29 02:12:35,743 Downgrading core protocol version from 65 to 5 for 127.0.0.1:9042. To avoid this, it is best practice to explicitly set Cluster(protocol_version) to the version supported by your cluster. http://datastax.github.io/python-driver/api/cassandra/cluster.html#cassandra.cluster.Cluster.protocol_version
2022-01-29 02:12:37,266 Closing connection <AsyncoreConnection(2700198980480) 127.0.0.1:9042> due to protocol error: Error from server: code=000a [Protocol error] message="Beta version of the protocol used (5/v5-beta), but USE_BETA flag is unset"
2022-01-29 02:12:37,267 Downgrading core protocol version from 5 to 4 for 127.0.0.1:9042. To avoid this, it is best practice to explicitly set Cluster(protocol_version) to the version supported by your cluster. http://datastax.github.io/python-driver/api/cassandra/cluster.html#cassandra.cluster.Cluster.protocol_version
2022-01-29 02:12:40,174 127.0.0.1 - - [29/Jan/2022 02:12:40] "POST /bulkInsertCassandra/id/key/path HTTP/1.1" 200 -
2022-01-29 02:12:44,990 127.0.0.1 - - [29/Jan/2022 02:12:44] "POST /selectOperationCassandra/id/key/path HTTP/1.1" 200 -
2022-01-29 02:12:58,551 Downgrading core protocol version from 66 to 65 for 127.0.0.1:9042. To avoid this, it is best practice to explicitly set Cluster(protocol_version) to the version supported by your cluster. http://datastax.github.io/python-driver/api/cassandra/cluster.html#cassandra.cluster.Cluster.protocol_version
2022-01-29 02:13:00,065 Downgrading core protocol version from 65 to 5 for 127.0.0.1:9042. To avoid this, it is best practice to explicitly set Cluster(protocol_version) to the version supported by your cluster. http://datastax.github.io/python-driver/api/cassandra/cluster.html#cassandra.cluster.Cluster.protocol_version
2022-01-29 02:13:01,590 Closing connection <AsyncoreConnection(2700199758960) 127.0.0.1:9042> due to protocol error: Error from server: code=000a [Protocol error] message="Beta version of the protocol used (5/v5-beta), but USE_BETA flag is unset"
2022-01-29 02:13:01,591 Downgrading core protocol version from 5 to 4 for 127.0.0.1:9042. To avoid this, it is best practice to explicitly set Cluster(protocol_version) to the version supported by your cluster. http://datastax.github.io/python-driver/api/cassandra/cluster.html#cassandra.cluster.Cluster.protocol_version
2022-01-29 02:13:04,436 127.0.0.1 - - [29/Jan/2022 02:13:04] "POST /updateCassandra/id/key/path HTTP/1.1" 200 -
2022-01-29 02:13:09,397 127.0.0.1 - - [29/Jan/2022 02:13:09] "POST /selectOperationCassandra/id/key/path HTTP/1.1" 200 -
2022-01-29 02:13:19,776 Downgrading core protocol version from 66 to 65 for 127.0.0.1:9042. To avoid this, it is best practice to explicitly set Cluster(protocol_version) to the version supported by your cluster. http://datastax.github.io/python-driver/api/cassandra/cluster.html#cassandra.cluster.Cluster.protocol_version
2022-01-29 02:13:21,300 Downgrading core protocol version from 65 to 5 for 127.0.0.1:9042. To avoid this, it is best practice to explicitly set Cluster(protocol_version) to the version supported by your cluster. http://datastax.github.io/python-driver/api/cassandra/cluster.html#cassandra.cluster.Cluster.protocol_version
2022-01-29 02:13:22,819 Closing connection <AsyncoreConnection(2700200208944) 127.0.0.1:9042> due to protocol error: Error from server: code=000a [Protocol error] message="Beta version of the protocol used (5/v5-beta), but USE_BETA flag is unset"
2022-01-29 02:13:22,819 Downgrading core protocol version from 5 to 4 for 127.0.0.1:9042. To avoid this, it is best practice to explicitly set Cluster(protocol_version) to the version supported by your cluster. http://datastax.github.io/python-driver/api/cassandra/cluster.html#cassandra.cluster.Cluster.protocol_version
2022-01-29 02:13:25,697 127.0.0.1 - - [29/Jan/2022 02:13:25] "POST /deleteCassandra/id/key/path HTTP/1.1" 200 -
2022-01-29 02:13:36,702 127.0.0.1 - - [29/Jan/2022 02:13:36] "POST /selectOperationCassandra/id/key/path HTTP/1.1" 200 -
2022-01-29 02:13:50,345 Downgrading core protocol version from 66 to 65 for 127.0.0.1:9042. To avoid this, it is best practice to explicitly set Cluster(protocol_version) to the version supported by your cluster. http://datastax.github.io/python-driver/api/cassandra/cluster.html#cassandra.cluster.Cluster.protocol_version
2022-01-29 02:13:51,855 Downgrading core protocol version from 65 to 5 for 127.0.0.1:9042. To avoid this, it is best practice to explicitly set Cluster(protocol_version) to the version supported by your cluster. http://datastax.github.io/python-driver/api/cassandra/cluster.html#cassandra.cluster.Cluster.protocol_version
2022-01-29 02:13:53,383 Closing connection <AsyncoreConnection(2700200617536) 127.0.0.1:9042> due to protocol error: Error from server: code=000a [Protocol error] message="Beta version of the protocol used (5/v5-beta), but USE_BETA flag is unset"
2022-01-29 02:13:53,384 Downgrading core protocol version from 5 to 4 for 127.0.0.1:9042. To avoid this, it is best practice to explicitly set Cluster(protocol_version) to the version supported by your cluster. http://datastax.github.io/python-driver/api/cassandra/cluster.html#cassandra.cluster.Cluster.protocol_version
2022-01-29 02:13:56,263 127.0.0.1 - - [29/Jan/2022 02:13:56] "POST /downloadCassandra/id/key/path HTTP/1.1" 200 -
2022-01-29 02:14:03,889 127.0.0.1 - - [29/Jan/2022 02:14:03] "POST /establishConnection HTTP/1.1" 200 -
2022-01-29 02:14:13,414 Downgrading core protocol version from 66 to 65 for 26fa7bea-80a2-44c0-bbae-7b143dcbf387-us-east-1.db.astra.datastax.com:29042:77044a8c-2669-44ff-bce1-ceb40a703812. To avoid this, it is best practice to explicitly set Cluster(protocol_version) to the version supported by your cluster. http://datastax.github.io/python-driver/api/cassandra/cluster.html#cassandra.cluster.Cluster.protocol_version
2022-01-29 02:14:14,827 Downgrading core protocol version from 65 to 5 for 26fa7bea-80a2-44c0-bbae-7b143dcbf387-us-east-1.db.astra.datastax.com:29042:77044a8c-2669-44ff-bce1-ceb40a703812. To avoid this, it is best practice to explicitly set Cluster(protocol_version) to the version supported by your cluster. http://datastax.github.io/python-driver/api/cassandra/cluster.html#cassandra.cluster.Cluster.protocol_version
2022-01-29 02:14:16,337 Closing connection <AsyncoreConnection(2700200452640) 26fa7bea-80a2-44c0-bbae-7b143dcbf387-us-east-1.db.astra.datastax.com:29042:77044a8c-2669-44ff-bce1-ceb40a703812> due to protocol error: Error from server: code=000a [Protocol error] message="Beta version of the protocol used (5/v5-beta), but USE_BETA flag is unset"
2022-01-29 02:14:16,338 Downgrading core protocol version from 5 to 4 for 26fa7bea-80a2-44c0-bbae-7b143dcbf387-us-east-1.db.astra.datastax.com:29042:77044a8c-2669-44ff-bce1-ceb40a703812. To avoid this, it is best practice to explicitly set Cluster(protocol_version) to the version supported by your cluster. http://datastax.github.io/python-driver/api/cassandra/cluster.html#cassandra.cluster.Cluster.protocol_version
2022-01-29 02:14:24,296 127.0.0.1 - - [29/Jan/2022 02:14:24] "POST /establishCassandraConnection HTTP/1.1" 200 -
2022-01-29 02:14:58,347 127.0.0.1 - - [29/Jan/2022 02:14:58] "POST /selectOperationCassandra/aQvGfSIxdrncYKJausxRYrZG/h0r8iT33qeBGztcZPd.ohwRhT608tfZOo_fFi-5hMrgbZk7+DUENl4mcMy-aYM0T9uXZzsT3fomtghajDwKR1xAbWFmK,-4aB8BLBGSi0yk.6M9a3l7nZ79Lqwz6C-,M/D:****Softwares****secure-connect-test1.zip HTTP/1.1" 200 -
2022-01-29 02:15:14,158 Downgrading core protocol version from 66 to 65 for 26fa7bea-80a2-44c0-bbae-7b143dcbf387-us-east-1.db.astra.datastax.com:29042:0f75dd19-8fad-424f-8cde-6e6e3ece7331. To avoid this, it is best practice to explicitly set Cluster(protocol_version) to the version supported by your cluster. http://datastax.github.io/python-driver/api/cassandra/cluster.html#cassandra.cluster.Cluster.protocol_version
2022-01-29 02:15:15,874 Downgrading core protocol version from 65 to 5 for 26fa7bea-80a2-44c0-bbae-7b143dcbf387-us-east-1.db.astra.datastax.com:29042:0f75dd19-8fad-424f-8cde-6e6e3ece7331. To avoid this, it is best practice to explicitly set Cluster(protocol_version) to the version supported by your cluster. http://datastax.github.io/python-driver/api/cassandra/cluster.html#cassandra.cluster.Cluster.protocol_version
2022-01-29 02:15:17,237 Closing connection <AsyncoreConnection(2700199801136) 26fa7bea-80a2-44c0-bbae-7b143dcbf387-us-east-1.db.astra.datastax.com:29042:0f75dd19-8fad-424f-8cde-6e6e3ece7331> due to protocol error: Error from server: code=000a [Protocol error] message="Beta version of the protocol used (5/v5-beta), but USE_BETA flag is unset"
2022-01-29 02:15:17,237 Downgrading core protocol version from 5 to 4 for 26fa7bea-80a2-44c0-bbae-7b143dcbf387-us-east-1.db.astra.datastax.com:29042:0f75dd19-8fad-424f-8cde-6e6e3ece7331. To avoid this, it is best practice to explicitly set Cluster(protocol_version) to the version supported by your cluster. http://datastax.github.io/python-driver/api/cassandra/cluster.html#cassandra.cluster.Cluster.protocol_version
2022-01-29 02:15:27,834 127.0.0.1 - - [29/Jan/2022 02:15:27] "POST /createTableCassandra/aQvGfSIxdrncYKJausxRYrZG/h0r8iT33qeBGztcZPd.ohwRhT608tfZOo_fFi-5hMrgbZk7+DUENl4mcMy-aYM0T9uXZzsT3fomtghajDwKR1xAbWFmK,-4aB8BLBGSi0yk.6M9a3l7nZ79Lqwz6C-,M/D:****Softwares****secure-connect-test1.zip HTTP/1.1" 200 -
2022-01-29 02:15:32,925 127.0.0.1 - - [29/Jan/2022 02:15:32] "POST /selectOperationCassandra/aQvGfSIxdrncYKJausxRYrZG/h0r8iT33qeBGztcZPd.ohwRhT608tfZOo_fFi-5hMrgbZk7+DUENl4mcMy-aYM0T9uXZzsT3fomtghajDwKR1xAbWFmK,-4aB8BLBGSi0yk.6M9a3l7nZ79Lqwz6C-,M/D:****Softwares****secure-connect-test1.zip HTTP/1.1" 200 -
2022-01-29 02:15:51,974 Downgrading core protocol version from 66 to 65 for 26fa7bea-80a2-44c0-bbae-7b143dcbf387-us-east-1.db.astra.datastax.com:29042:0f75dd19-8fad-424f-8cde-6e6e3ece7331. To avoid this, it is best practice to explicitly set Cluster(protocol_version) to the version supported by your cluster. http://datastax.github.io/python-driver/api/cassandra/cluster.html#cassandra.cluster.Cluster.protocol_version
2022-01-29 02:15:54,853 Downgrading core protocol version from 65 to 5 for 26fa7bea-80a2-44c0-bbae-7b143dcbf387-us-east-1.db.astra.datastax.com:29042:0f75dd19-8fad-424f-8cde-6e6e3ece7331. To avoid this, it is best practice to explicitly set Cluster(protocol_version) to the version supported by your cluster. http://datastax.github.io/python-driver/api/cassandra/cluster.html#cassandra.cluster.Cluster.protocol_version
2022-01-29 02:15:57,739 Closing connection <AsyncoreConnection(2700202940064) 26fa7bea-80a2-44c0-bbae-7b143dcbf387-us-east-1.db.astra.datastax.com:29042:0f75dd19-8fad-424f-8cde-6e6e3ece7331> due to protocol error: Error from server: code=000a [Protocol error] message="Beta version of the protocol used (5/v5-beta), but USE_BETA flag is unset"
2022-01-29 02:15:57,739 Downgrading core protocol version from 5 to 4 for 26fa7bea-80a2-44c0-bbae-7b143dcbf387-us-east-1.db.astra.datastax.com:29042:0f75dd19-8fad-424f-8cde-6e6e3ece7331. To avoid this, it is best practice to explicitly set Cluster(protocol_version) to the version supported by your cluster. http://datastax.github.io/python-driver/api/cassandra/cluster.html#cassandra.cluster.Cluster.protocol_version
2022-01-29 02:16:11,170 127.0.0.1 - - [29/Jan/2022 02:16:11] "POST /oneInsertCassandra/aQvGfSIxdrncYKJausxRYrZG/h0r8iT33qeBGztcZPd.ohwRhT608tfZOo_fFi-5hMrgbZk7+DUENl4mcMy-aYM0T9uXZzsT3fomtghajDwKR1xAbWFmK,-4aB8BLBGSi0yk.6M9a3l7nZ79Lqwz6C-,M/D:****Softwares****secure-connect-test1.zip HTTP/1.1" 200 -
2022-01-29 02:16:19,987 127.0.0.1 - - [29/Jan/2022 02:16:19] "POST /selectOperationCassandra/aQvGfSIxdrncYKJausxRYrZG/h0r8iT33qeBGztcZPd.ohwRhT608tfZOo_fFi-5hMrgbZk7+DUENl4mcMy-aYM0T9uXZzsT3fomtghajDwKR1xAbWFmK,-4aB8BLBGSi0yk.6M9a3l7nZ79Lqwz6C-,M/D:****Softwares****secure-connect-test1.zip HTTP/1.1" 200 -
2022-01-29 02:16:37,005 Downgrading core protocol version from 66 to 65 for 26fa7bea-80a2-44c0-bbae-7b143dcbf387-us-east-1.db.astra.datastax.com:29042:16d1cda6-fb72-48d6-91c9-34a6135abc6c. To avoid this, it is best practice to explicitly set Cluster(protocol_version) to the version supported by your cluster. http://datastax.github.io/python-driver/api/cassandra/cluster.html#cassandra.cluster.Cluster.protocol_version
2022-01-29 02:16:40,065 Downgrading core protocol version from 65 to 5 for 26fa7bea-80a2-44c0-bbae-7b143dcbf387-us-east-1.db.astra.datastax.com:29042:16d1cda6-fb72-48d6-91c9-34a6135abc6c. To avoid this, it is best practice to explicitly set Cluster(protocol_version) to the version supported by your cluster. http://datastax.github.io/python-driver/api/cassandra/cluster.html#cassandra.cluster.Cluster.protocol_version
2022-01-29 02:16:41,906 Closing connection <AsyncoreConnection(2700202899104) 26fa7bea-80a2-44c0-bbae-7b143dcbf387-us-east-1.db.astra.datastax.com:29042:16d1cda6-fb72-48d6-91c9-34a6135abc6c> due to protocol error: Error from server: code=000a [Protocol error] message="Beta version of the protocol used (5/v5-beta), but USE_BETA flag is unset"
2022-01-29 02:16:41,907 Downgrading core protocol version from 5 to 4 for 26fa7bea-80a2-44c0-bbae-7b143dcbf387-us-east-1.db.astra.datastax.com:29042:16d1cda6-fb72-48d6-91c9-34a6135abc6c. To avoid this, it is best practice to explicitly set Cluster(protocol_version) to the version supported by your cluster. http://datastax.github.io/python-driver/api/cassandra/cluster.html#cassandra.cluster.Cluster.protocol_version
2022-01-29 02:16:55,335 127.0.0.1 - - [29/Jan/2022 02:16:55] "POST /bulkInsertCassandra/aQvGfSIxdrncYKJausxRYrZG/h0r8iT33qeBGztcZPd.ohwRhT608tfZOo_fFi-5hMrgbZk7+DUENl4mcMy-aYM0T9uXZzsT3fomtghajDwKR1xAbWFmK,-4aB8BLBGSi0yk.6M9a3l7nZ79Lqwz6C-,M/D:****Softwares****secure-connect-test1.zip HTTP/1.1" 200 -
2022-01-29 02:17:04,249 127.0.0.1 - - [29/Jan/2022 02:17:04] "POST /selectOperationCassandra/aQvGfSIxdrncYKJausxRYrZG/h0r8iT33qeBGztcZPd.ohwRhT608tfZOo_fFi-5hMrgbZk7+DUENl4mcMy-aYM0T9uXZzsT3fomtghajDwKR1xAbWFmK,-4aB8BLBGSi0yk.6M9a3l7nZ79Lqwz6C-,M/D:****Softwares****secure-connect-test1.zip HTTP/1.1" 200 -
2022-01-29 02:17:17,734 Downgrading core protocol version from 66 to 65 for 26fa7bea-80a2-44c0-bbae-7b143dcbf387-us-east-1.db.astra.datastax.com:29042:16d1cda6-fb72-48d6-91c9-34a6135abc6c. To avoid this, it is best practice to explicitly set Cluster(protocol_version) to the version supported by your cluster. http://datastax.github.io/python-driver/api/cassandra/cluster.html#cassandra.cluster.Cluster.protocol_version
2022-01-29 02:17:20,868 Downgrading core protocol version from 65 to 5 for 26fa7bea-80a2-44c0-bbae-7b143dcbf387-us-east-1.db.astra.datastax.com:29042:16d1cda6-fb72-48d6-91c9-34a6135abc6c. To avoid this, it is best practice to explicitly set Cluster(protocol_version) to the version supported by your cluster. http://datastax.github.io/python-driver/api/cassandra/cluster.html#cassandra.cluster.Cluster.protocol_version
2022-01-29 02:17:23,862 Closing connection <AsyncoreConnection(2700203977120) 26fa7bea-80a2-44c0-bbae-7b143dcbf387-us-east-1.db.astra.datastax.com:29042:16d1cda6-fb72-48d6-91c9-34a6135abc6c> due to protocol error: Error from server: code=000a [Protocol error] message="Beta version of the protocol used (5/v5-beta), but USE_BETA flag is unset"
2022-01-29 02:17:23,863 Downgrading core protocol version from 5 to 4 for 26fa7bea-80a2-44c0-bbae-7b143dcbf387-us-east-1.db.astra.datastax.com:29042:16d1cda6-fb72-48d6-91c9-34a6135abc6c. To avoid this, it is best practice to explicitly set Cluster(protocol_version) to the version supported by your cluster. http://datastax.github.io/python-driver/api/cassandra/cluster.html#cassandra.cluster.Cluster.protocol_version
2022-01-29 02:17:33,697 127.0.0.1 - - [29/Jan/2022 02:17:33] "POST /updateCassandra/aQvGfSIxdrncYKJausxRYrZG/h0r8iT33qeBGztcZPd.ohwRhT608tfZOo_fFi-5hMrgbZk7+DUENl4mcMy-aYM0T9uXZzsT3fomtghajDwKR1xAbWFmK,-4aB8BLBGSi0yk.6M9a3l7nZ79Lqwz6C-,M/D:****Softwares****secure-connect-test1.zip HTTP/1.1" 200 -
2022-01-29 02:17:39,631 127.0.0.1 - - [29/Jan/2022 02:17:39] "POST /selectOperationCassandra/aQvGfSIxdrncYKJausxRYrZG/h0r8iT33qeBGztcZPd.ohwRhT608tfZOo_fFi-5hMrgbZk7+DUENl4mcMy-aYM0T9uXZzsT3fomtghajDwKR1xAbWFmK,-4aB8BLBGSi0yk.6M9a3l7nZ79Lqwz6C-,M/D:****Softwares****secure-connect-test1.zip HTTP/1.1" 200 -
2022-01-29 02:17:53,894 Downgrading core protocol version from 66 to 65 for 26fa7bea-80a2-44c0-bbae-7b143dcbf387-us-east-1.db.astra.datastax.com:29042:0f75dd19-8fad-424f-8cde-6e6e3ece7331. To avoid this, it is best practice to explicitly set Cluster(protocol_version) to the version supported by your cluster. http://datastax.github.io/python-driver/api/cassandra/cluster.html#cassandra.cluster.Cluster.protocol_version
2022-01-29 02:17:56,794 Downgrading core protocol version from 65 to 5 for 26fa7bea-80a2-44c0-bbae-7b143dcbf387-us-east-1.db.astra.datastax.com:29042:0f75dd19-8fad-424f-8cde-6e6e3ece7331. To avoid this, it is best practice to explicitly set Cluster(protocol_version) to the version supported by your cluster. http://datastax.github.io/python-driver/api/cassandra/cluster.html#cassandra.cluster.Cluster.protocol_version
2022-01-29 02:17:59,855 Closing connection <AsyncoreConnection(2700204039520) 26fa7bea-80a2-44c0-bbae-7b143dcbf387-us-east-1.db.astra.datastax.com:29042:0f75dd19-8fad-424f-8cde-6e6e3ece7331> due to protocol error: Error from server: code=000a [Protocol error] message="Beta version of the protocol used (5/v5-beta), but USE_BETA flag is unset"
2022-01-29 02:17:59,855 Downgrading core protocol version from 5 to 4 for 26fa7bea-80a2-44c0-bbae-7b143dcbf387-us-east-1.db.astra.datastax.com:29042:0f75dd19-8fad-424f-8cde-6e6e3ece7331. To avoid this, it is best practice to explicitly set Cluster(protocol_version) to the version supported by your cluster. http://datastax.github.io/python-driver/api/cassandra/cluster.html#cassandra.cluster.Cluster.protocol_version
2022-01-29 02:18:09,575 127.0.0.1 - - [29/Jan/2022 02:18:09] "POST /deleteCassandra/aQvGfSIxdrncYKJausxRYrZG/h0r8iT33qeBGztcZPd.ohwRhT608tfZOo_fFi-5hMrgbZk7+DUENl4mcMy-aYM0T9uXZzsT3fomtghajDwKR1xAbWFmK,-4aB8BLBGSi0yk.6M9a3l7nZ79Lqwz6C-,M/D:****Softwares****secure-connect-test1.zip HTTP/1.1" 200 -
2022-01-29 02:18:15,528 127.0.0.1 - - [29/Jan/2022 02:18:15] "POST /selectOperationCassandra/aQvGfSIxdrncYKJausxRYrZG/h0r8iT33qeBGztcZPd.ohwRhT608tfZOo_fFi-5hMrgbZk7+DUENl4mcMy-aYM0T9uXZzsT3fomtghajDwKR1xAbWFmK,-4aB8BLBGSi0yk.6M9a3l7nZ79Lqwz6C-,M/D:****Softwares****secure-connect-test1.zip HTTP/1.1" 200 -
2022-01-29 02:18:39,738 Downgrading core protocol version from 66 to 65 for 26fa7bea-80a2-44c0-bbae-7b143dcbf387-us-east-1.db.astra.datastax.com:29042:77044a8c-2669-44ff-bce1-ceb40a703812. To avoid this, it is best practice to explicitly set Cluster(protocol_version) to the version supported by your cluster. http://datastax.github.io/python-driver/api/cassandra/cluster.html#cassandra.cluster.Cluster.protocol_version
2022-01-29 02:18:42,072 Downgrading core protocol version from 65 to 5 for 26fa7bea-80a2-44c0-bbae-7b143dcbf387-us-east-1.db.astra.datastax.com:29042:77044a8c-2669-44ff-bce1-ceb40a703812. To avoid this, it is best practice to explicitly set Cluster(protocol_version) to the version supported by your cluster. http://datastax.github.io/python-driver/api/cassandra/cluster.html#cassandra.cluster.Cluster.protocol_version
2022-01-29 02:18:43,814 Closing connection <AsyncoreConnection(2700204992928) 26fa7bea-80a2-44c0-bbae-7b143dcbf387-us-east-1.db.astra.datastax.com:29042:77044a8c-2669-44ff-bce1-ceb40a703812> due to protocol error: Error from server: code=000a [Protocol error] message="Beta version of the protocol used (5/v5-beta), but USE_BETA flag is unset"
2022-01-29 02:18:43,814 Downgrading core protocol version from 5 to 4 for 26fa7bea-80a2-44c0-bbae-7b143dcbf387-us-east-1.db.astra.datastax.com:29042:77044a8c-2669-44ff-bce1-ceb40a703812. To avoid this, it is best practice to explicitly set Cluster(protocol_version) to the version supported by your cluster. http://datastax.github.io/python-driver/api/cassandra/cluster.html#cassandra.cluster.Cluster.protocol_version
2022-01-29 02:18:52,434 127.0.0.1 - - [29/Jan/2022 02:18:52] "POST /downloadCassandra/aQvGfSIxdrncYKJausxRYrZG/h0r8iT33qeBGztcZPd.ohwRhT608tfZOo_fFi-5hMrgbZk7+DUENl4mcMy-aYM0T9uXZzsT3fomtghajDwKR1xAbWFmK,-4aB8BLBGSi0yk.6M9a3l7nZ79Lqwz6C-,M/D:****Softwares****secure-connect-test1.zip HTTP/1.1" 200 -
